// Jest Snapshot v1, https://goo.gl/fbAQLP

exports[`Home should render correctly 1`] = `
ShallowWrapper {
  Symbol(enzyme.__root__): [Circular],
  Symbol(enzyme.__unrendered__): <Home />,
  Symbol(enzyme.__renderer__): Object {
    "batchedUpdates": [Function],
    "getNode": [Function],
    "render": [Function],
    "simulateError": [Function],
    "simulateEvent": [Function],
    "unmount": [Function],
  },
  Symbol(enzyme.__node__): Object {
    "instance": null,
    "key": undefined,
    "nodeType": "host",
    "props": Object {
      "children": <form>
        <div
          className="form-group"
        >
          <label
            htmlFor="Weather"
          >
            <strong>
              Weather
            </strong>
          </label>
          <input
            className="form-control"
            id="City"
            name="city"
            onChange={[Function]}
            placeholder="Enter a city"
            required={true}
            type="text"
            value=""
          />
        </div>
        <div
          className="pull-right"
        >
          <button
            className="btn btn-lg btn-danger float-right"
            onClick={[Function]}
            type="submit"
          >
            Search
          </button>
        </div>
      </form>,
    },
    "ref": null,
    "rendered": Object {
      "instance": null,
      "key": undefined,
      "nodeType": "host",
      "props": Object {
        "children": Array [
          <div
            className="form-group"
          >
            <label
              htmlFor="Weather"
            >
              <strong>
                Weather
              </strong>
            </label>
            <input
              className="form-control"
              id="City"
              name="city"
              onChange={[Function]}
              placeholder="Enter a city"
              required={true}
              type="text"
              value=""
            />
          </div>,
          <div
            className="pull-right"
          >
            <button
              className="btn btn-lg btn-danger float-right"
              onClick={[Function]}
              type="submit"
            >
              Search
            </button>
          </div>,
        ],
      },
      "ref": null,
      "rendered": Array [
        Object {
          "instance": null,
          "key": undefined,
          "nodeType": "host",
          "props": Object {
            "children": Array [
              <label
                htmlFor="Weather"
              >
                <strong>
                  Weather
                </strong>
              </label>,
              <input
                className="form-control"
                id="City"
                name="city"
                onChange={[Function]}
                placeholder="Enter a city"
                required={true}
                type="text"
                value=""
              />,
            ],
            "className": "form-group",
          },
          "ref": null,
          "rendered": Array [
            Object {
              "instance": null,
              "key": undefined,
              "nodeType": "host",
              "props": Object {
                "children": <strong>
                  Weather
                </strong>,
                "htmlFor": "Weather",
              },
              "ref": null,
              "rendered": Object {
                "instance": null,
                "key": undefined,
                "nodeType": "host",
                "props": Object {
                  "children": "Weather",
                },
                "ref": null,
                "rendered": "Weather",
                "type": "strong",
              },
              "type": "label",
            },
            Object {
              "instance": null,
              "key": undefined,
              "nodeType": "host",
              "props": Object {
                "className": "form-control",
                "id": "City",
                "name": "city",
                "onChange": [Function],
                "placeholder": "Enter a city",
                "required": true,
                "type": "text",
                "value": "",
              },
              "ref": null,
              "rendered": null,
              "type": "input",
            },
          ],
          "type": "div",
        },
        Object {
          "instance": null,
          "key": undefined,
          "nodeType": "host",
          "props": Object {
            "children": <button
              className="btn btn-lg btn-danger float-right"
              onClick={[Function]}
              type="submit"
            >
              Search
            </button>,
            "className": "pull-right",
          },
          "ref": null,
          "rendered": Object {
            "instance": null,
            "key": undefined,
            "nodeType": "host",
            "props": Object {
              "children": "Search",
              "className": "btn btn-lg btn-danger float-right",
              "onClick": [Function],
              "type": "submit",
            },
            "ref": null,
            "rendered": "Search",
            "type": "button",
          },
          "type": "div",
        },
      ],
      "type": "form",
    },
    "type": "div",
  },
  Symbol(enzyme.__nodes__): Array [
    Object {
      "instance": null,
      "key": undefined,
      "nodeType": "host",
      "props": Object {
        "children": <form>
          <div
            className="form-group"
          >
            <label
              htmlFor="Weather"
            >
              <strong>
                Weather
              </strong>
            </label>
            <input
              className="form-control"
              id="City"
              name="city"
              onChange={[Function]}
              placeholder="Enter a city"
              required={true}
              type="text"
              value=""
            />
          </div>
          <div
            className="pull-right"
          >
            <button
              className="btn btn-lg btn-danger float-right"
              onClick={[Function]}
              type="submit"
            >
              Search
            </button>
          </div>
        </form>,
      },
      "ref": null,
      "rendered": Object {
        "instance": null,
        "key": undefined,
        "nodeType": "host",
        "props": Object {
          "children": Array [
            <div
              className="form-group"
            >
              <label
                htmlFor="Weather"
              >
                <strong>
                  Weather
                </strong>
              </label>
              <input
                className="form-control"
                id="City"
                name="city"
                onChange={[Function]}
                placeholder="Enter a city"
                required={true}
                type="text"
                value=""
              />
            </div>,
            <div
              className="pull-right"
            >
              <button
                className="btn btn-lg btn-danger float-right"
                onClick={[Function]}
                type="submit"
              >
                Search
              </button>
            </div>,
          ],
        },
        "ref": null,
        "rendered": Array [
          Object {
            "instance": null,
            "key": undefined,
            "nodeType": "host",
            "props": Object {
              "children": Array [
                <label
                  htmlFor="Weather"
                >
                  <strong>
                    Weather
                  </strong>
                </label>,
                <input
                  className="form-control"
                  id="City"
                  name="city"
                  onChange={[Function]}
                  placeholder="Enter a city"
                  required={true}
                  type="text"
                  value=""
                />,
              ],
              "className": "form-group",
            },
            "ref": null,
            "rendered": Array [
              Object {
                "instance": null,
                "key": undefined,
                "nodeType": "host",
                "props": Object {
                  "children": <strong>
                    Weather
                  </strong>,
                  "htmlFor": "Weather",
                },
                "ref": null,
                "rendered": Object {
                  "instance": null,
                  "key": undefined,
                  "nodeType": "host",
                  "props": Object {
                    "children": "Weather",
                  },
                  "ref": null,
                  "rendered": "Weather",
                  "type": "strong",
                },
                "type": "label",
              },
              Object {
                "instance": null,
                "key": undefined,
                "nodeType": "host",
                "props": Object {
                  "className": "form-control",
                  "id": "City",
                  "name": "city",
                  "onChange": [Function],
                  "placeholder": "Enter a city",
                  "required": true,
                  "type": "text",
                  "value": "",
                },
                "ref": null,
                "rendered": null,
                "type": "input",
              },
            ],
            "type": "div",
          },
          Object {
            "instance": null,
            "key": undefined,
            "nodeType": "host",
            "props": Object {
              "children": <button
                className="btn btn-lg btn-danger float-right"
                onClick={[Function]}
                type="submit"
              >
                Search
              </button>,
              "className": "pull-right",
            },
            "ref": null,
            "rendered": Object {
              "instance": null,
              "key": undefined,
              "nodeType": "host",
              "props": Object {
                "children": "Search",
                "className": "btn btn-lg btn-danger float-right",
                "onClick": [Function],
                "type": "submit",
              },
              "ref": null,
              "rendered": "Search",
              "type": "button",
            },
            "type": "div",
          },
        ],
        "type": "form",
      },
      "type": "div",
    },
  ],
  Symbol(enzyme.__options__): Object {
    "adapter": ReactSixteenAdapter {
      "options": Object {
        "enableComponentDidUpdateOnSetState": true,
        "lifecycles": Object {
          "componentDidUpdate": Object {
            "onSetState": true,
          },
          "getDerivedStateFromProps": true,
          "getSnapshotBeforeUpdate": true,
          "setState": Object {
            "skipsComponentDidUpdateOnNullish": true,
          },
        },
      },
    },
  },
}
`;
